// Jest Snapshot v1, https://goo.gl/fbAQLP

exports[`htmler should return html content with "unknown" filed in for all template variables 1`] = `"<!DOCTYPE html><html lang=\\"en-US\\"/><meta charset=\\"utf-8\\"/><meta name=\\"viewport\\"content=\\"width=device-width,initial-scale=1\\"/><meta name=\\"description\\"content=\\"parent git commit: undefined\\"/><meta name=\\"description\\"content=\\"Lean RFC version: undefined\\"/><link href=\\"./chimera.ico\\"rel=\\"icon\\"/><link href=\\"./chimera.png\\"rel=\\"icon\\"type=\\"image/png\\"/><link href=\\"./chimera.svg\\"rel=\\"icon\\"type=\\"image/svg+xml\\"/><title>undefined</title><link href=\\"./rfc-emcee.css\\"rel=\\"stylesheet\\"/><script defer src=\\"./rfc-emcee.mjs\\"type=\\"module\\"></script><body id=\\"top\\"><a class=\\"skip-to-main\\"href=\\"#main\\">Skip to main content</a><div class=\\"layout\\"><header role=\\"banner\\"><h1>undefined</h1></header><div data-app></div></div>"`;

exports[`htmler should return html content with "unknown" filed in for all template variables 2`] = `"<!DOCTYPE html><html lang=\\"en-US\\"/><meta charset=\\"utf-8\\"/><meta name=\\"viewport\\"content=\\"width=device-width,initial-scale=1\\"/><meta name=\\"description\\"content=\\"parent git commit: 12345\\"/><meta name=\\"description\\"content=\\"Lean RFC version: m.o.c-k\\"/><link href=\\"./chimera.ico\\"rel=\\"icon\\"/><link href=\\"./chimera.png\\"rel=\\"icon\\"type=\\"image/png\\"/><link href=\\"./chimera.svg\\"rel=\\"icon\\"type=\\"image/svg+xml\\"/><title>Mock Title</title><link href=\\"./rfc-emcee.css\\"rel=\\"stylesheet\\"/><script defer src=\\"./rfc-emcee.mjs\\"type=\\"module\\"></script><body id=\\"top\\"><a class=\\"skip-to-main\\"href=\\"#main\\">Skip to main content</a><div class=\\"layout\\"><header role=\\"banner\\"><h1>Mock Title</h1></header><div data-app></div><article data-topics=\\"mock,test\\"data-type=\\"mock\\"id=\\"mock-1\\">Mock RFC article.</article></div>"`;
